// Jest Snapshot v1, https://goo.gl/fbAQLP

exports[`should render ExpenseListItem with expense 1`] = `
<div>
  fr
  <Link
    replace={false}
    to="/edit/1"
  >
    <h2>
      Gum
    </h2>
  </Link>
  <p>
    â‚¬ 1 095,00
     
    <br />
    - 
    <br />
    January 1st, 1970
  </p>
</div>
`;
